Explain is invoked.
Enter command > being(ollie_the_doggo) negated_person 
----------------------------------(R1)
       animal(ollie_the_doggo)        
Enter command > Exiting explain
